<html>
<body>
<pre>
<h1>µVision Build Log</h1>
<h2>Project:</h2>
C:\Users\Michael\Documents\UT 2016 Fall\EE 445L\Labs\Lab 2\ee445l_lab2\Lab 2\Lab2.uvproj
Project File Date:  09/08/2016

<h2>Output:</h2>
Rebuild target 'ADCSWTrigger'
assembling startup.s...
compiling ADCSWTrigger.c...
compiling ADCTestMain.c...
ADCTestMain.c(109): warning:  #177-D: variable "timejitter" was declared but never referenced
                        uint32_t timejitter = maxdifference - mindifference;
ADCTestMain.c: 1 warning, 0 errors
compiling PLL.c...
compiling Timer1.c...
compiling main.c...
linking...
Program Size: Code=1996 RO-data=32 RW-data=16 ZI-data=9120  
".\ADCSWTrigger.axf" - 0 Error(s), 1 Warning(s).
